Archive member included because of file (symbol)

d:/altera/13.1/nios2eds/bin/gnu/h-i686-mingw32/bin/../lib/gcc/nios2-elf/4.7.3/../../../../../H-i686-mingw32/nios2-elf/lib\libsmallc.a(lib_a-puts.o)
                              obj/default/hello_world.o (puts)
d:/altera/13.1/nios2eds/bin/gnu/h-i686-mingw32/bin/../lib/gcc/nios2-elf/4.7.3/../../../../../H-i686-mingw32/nios2-elf/lib\libsmallc.a(lib_a-strlen.o)
                              d:/altera/13.1/nios2eds/bin/gnu/h-i686-mingw32/bin/../lib/gcc/nios2-elf/4.7.3/../../../../../H-i686-mingw32/nios2-elf/lib\libsmallc.a(lib_a-puts.o) (strlen)
d:/altera/13.1/nios2eds/bin/gnu/h-i686-mingw32/bin/../lib/gcc/nios2-elf/4.7.3/../../../../../H-i686-mingw32/nios2-elf/lib\libsmallc.a(lib_a-fvwrite_small_dev.o)
                              d:/altera/13.1/nios2eds/bin/gnu/h-i686-mingw32/bin/../lib/gcc/nios2-elf/4.7.3/../../../../../H-i686-mingw32/nios2-elf/lib\libsmallc.a(lib_a-puts.o) (__sfvwrite_small_dev)
d:/altera/13.1/nios2eds/bin/gnu/h-i686-mingw32/bin/../lib/gcc/nios2-elf/4.7.3/../../../../../H-i686-mingw32/nios2-elf/lib\libsmallc.a(lib_a-impure.o)
                              d:/altera/13.1/nios2eds/bin/gnu/h-i686-mingw32/bin/../lib/gcc/nios2-elf/4.7.3/../../../../../H-i686-mingw32/nios2-elf/lib\libsmallc.a(lib_a-puts.o) (_impure_ptr)
d:/altera/13.1/nios2eds/bin/gnu/h-i686-mingw32/bin/../lib/gcc/nios2-elf/4.7.3/../../../../../H-i686-mingw32/nios2-elf/lib\libsmallc.a(lib_a-writer.o)
                              d:/altera/13.1/nios2eds/bin/gnu/h-i686-mingw32/bin/../lib/gcc/nios2-elf/4.7.3/../../../../../H-i686-mingw32/nios2-elf/lib\libsmallc.a(lib_a-fvwrite_small_dev.o) (_write_r)
d:/altera/13.1/nios2eds/bin/gnu/h-i686-mingw32/bin/../lib/gcc/nios2-elf/4.7.3/../../../../../H-i686-mingw32/nios2-elf/lib\libsmallc.a(lib_a-int_errno.o)
                              d:/altera/13.1/nios2eds/bin/gnu/h-i686-mingw32/bin/../lib/gcc/nios2-elf/4.7.3/../../../../../H-i686-mingw32/nios2-elf/lib\libsmallc.a(lib_a-writer.o) (errno)
E:/1AAA/2_Verilog/cnc/qsys/software/hello_bsp/\libhal_bsp.a(alt_load.o)
                              E:/1AAA/2_Verilog/cnc/qsys/software/hello_bsp//obj/HAL/src/crt0.o (alt_load)
E:/1AAA/2_Verilog/cnc/qsys/software/hello_bsp/\libhal_bsp.a(alt_main.o)
                              E:/1AAA/2_Verilog/cnc/qsys/software/hello_bsp//obj/HAL/src/crt0.o (alt_main)
E:/1AAA/2_Verilog/cnc/qsys/software/hello_bsp/\libhal_bsp.a(alt_write.o)
                              d:/altera/13.1/nios2eds/bin/gnu/h-i686-mingw32/bin/../lib/gcc/nios2-elf/4.7.3/../../../../../H-i686-mingw32/nios2-elf/lib\libsmallc.a(lib_a-writer.o) (write)
E:/1AAA/2_Verilog/cnc/qsys/software/hello_bsp/\libhal_bsp.a(alt_sys_init.o)
                              E:/1AAA/2_Verilog/cnc/qsys/software/hello_bsp/\libhal_bsp.a(alt_main.o) (alt_irq_init)
E:/1AAA/2_Verilog/cnc/qsys/software/hello_bsp/\libhal_bsp.a(altera_avalon_jtag_uart_fd.o)
                              E:/1AAA/2_Verilog/cnc/qsys/software/hello_bsp/\libhal_bsp.a(alt_sys_init.o) (altera_avalon_jtag_uart_read_fd)
E:/1AAA/2_Verilog/cnc/qsys/software/hello_bsp/\libhal_bsp.a(altera_avalon_jtag_uart_read.o)
                              E:/1AAA/2_Verilog/cnc/qsys/software/hello_bsp/\libhal_bsp.a(altera_avalon_jtag_uart_fd.o) (altera_avalon_jtag_uart_read)
E:/1AAA/2_Verilog/cnc/qsys/software/hello_bsp/\libhal_bsp.a(altera_avalon_jtag_uart_write.o)
                              E:/1AAA/2_Verilog/cnc/qsys/software/hello_bsp/\libhal_bsp.a(altera_avalon_jtag_uart_fd.o) (altera_avalon_jtag_uart_write)
E:/1AAA/2_Verilog/cnc/qsys/software/hello_bsp/\libhal_bsp.a(alt_close.o)
                              E:/1AAA/2_Verilog/cnc/qsys/software/hello_bsp/\libhal_bsp.a(alt_main.o) (close)
E:/1AAA/2_Verilog/cnc/qsys/software/hello_bsp/\libhal_bsp.a(alt_dcache_flush_all.o)
                              E:/1AAA/2_Verilog/cnc/qsys/software/hello_bsp/\libhal_bsp.a(alt_load.o) (alt_dcache_flush_all)
E:/1AAA/2_Verilog/cnc/qsys/software/hello_bsp/\libhal_bsp.a(alt_dev.o)
                              E:/1AAA/2_Verilog/cnc/qsys/software/hello_bsp/\libhal_bsp.a(alt_sys_init.o) (alt_dev_list)
E:/1AAA/2_Verilog/cnc/qsys/software/hello_bsp/\libhal_bsp.a(alt_dev_llist_insert.o)
                              E:/1AAA/2_Verilog/cnc/qsys/software/hello_bsp/\libhal_bsp.a(alt_sys_init.o) (alt_dev_llist_insert)
E:/1AAA/2_Verilog/cnc/qsys/software/hello_bsp/\libhal_bsp.a(alt_errno.o)
                              E:/1AAA/2_Verilog/cnc/qsys/software/hello_bsp/\libhal_bsp.a(alt_write.o) (alt_errno)
E:/1AAA/2_Verilog/cnc/qsys/software/hello_bsp/\libhal_bsp.a(alt_exit.o)
                              E:/1AAA/2_Verilog/cnc/qsys/software/hello_bsp/\libhal_bsp.a(alt_main.o) (_exit)
E:/1AAA/2_Verilog/cnc/qsys/software/hello_bsp/\libhal_bsp.a(alt_icache_flush_all.o)
                              E:/1AAA/2_Verilog/cnc/qsys/software/hello_bsp/\libhal_bsp.a(alt_load.o) (alt_icache_flush_all)
E:/1AAA/2_Verilog/cnc/qsys/software/hello_bsp/\libhal_bsp.a(alt_io_redirect.o)
                              E:/1AAA/2_Verilog/cnc/qsys/software/hello_bsp/\libhal_bsp.a(alt_main.o) (alt_io_redirect)
E:/1AAA/2_Verilog/cnc/qsys/software/hello_bsp/\libhal_bsp.a(alt_open.o)
                              E:/1AAA/2_Verilog/cnc/qsys/software/hello_bsp/\libhal_bsp.a(alt_io_redirect.o) (open)
E:/1AAA/2_Verilog/cnc/qsys/software/hello_bsp/\libhal_bsp.a(alt_release_fd.o)
                              E:/1AAA/2_Verilog/cnc/qsys/software/hello_bsp/\libhal_bsp.a(alt_close.o) (alt_release_fd)
E:/1AAA/2_Verilog/cnc/qsys/software/hello_bsp/\libhal_bsp.a(altera_nios2_qsys_irq.o)
                              E:/1AAA/2_Verilog/cnc/qsys/software/hello_bsp/\libhal_bsp.a(alt_sys_init.o) (altera_nios2_qsys_irq_init)
E:/1AAA/2_Verilog/cnc/qsys/software/hello_bsp/\libhal_bsp.a(alt_find_dev.o)
                              E:/1AAA/2_Verilog/cnc/qsys/software/hello_bsp/\libhal_bsp.a(alt_open.o) (alt_find_dev)
E:/1AAA/2_Verilog/cnc/qsys/software/hello_bsp/\libhal_bsp.a(alt_find_file.o)
                              E:/1AAA/2_Verilog/cnc/qsys/software/hello_bsp/\libhal_bsp.a(alt_open.o) (alt_find_file)
E:/1AAA/2_Verilog/cnc/qsys/software/hello_bsp/\libhal_bsp.a(alt_get_fd.o)
                              E:/1AAA/2_Verilog/cnc/qsys/software/hello_bsp/\libhal_bsp.a(alt_open.o) (alt_get_fd)
E:/1AAA/2_Verilog/cnc/qsys/software/hello_bsp/\libhal_bsp.a(alt_icache_flush.o)
                              E:/1AAA/2_Verilog/cnc/qsys/software/hello_bsp/\libhal_bsp.a(alt_icache_flush_all.o) (alt_icache_flush)
d:/altera/13.1/nios2eds/bin/gnu/h-i686-mingw32/bin/../lib/gcc/nios2-elf/4.7.3/../../../../../H-i686-mingw32/nios2-elf/lib\libsmallc.a(lib_a-memcmp.o)
                              E:/1AAA/2_Verilog/cnc/qsys/software/hello_bsp/\libhal_bsp.a(alt_find_dev.o) (memcmp)

Allocating common symbols
Common symbol       size              file

errno               0x4               d:/altera/13.1/nios2eds/bin/gnu/h-i686-mingw32/bin/../lib/gcc/nios2-elf/4.7.3/../../../../../H-i686-mingw32/nios2-elf/lib\libsmallc.a(lib_a-int_errno.o)

Memory Configuration

Name             Origin             Length             Attributes
reset            0x00004000         0x00000020
onchip_memory2_0 0x00004020         0x000027e0
*default*        0x00000000         0xffffffff

Linker script and memory map

LOAD E:/1AAA/2_Verilog/cnc/qsys/software/hello_bsp//obj/HAL/src/crt0.o
LOAD obj/default/hello_world.o
LOAD d:/altera/13.1/nios2eds/bin/gnu/h-i686-mingw32/bin/../lib/gcc/nios2-elf/4.7.3/../../../../../H-i686-mingw32/nios2-elf/lib\libstdc++.a
LOAD d:/altera/13.1/nios2eds/bin/gnu/h-i686-mingw32/bin/../lib/gcc/nios2-elf/4.7.3/../../../../../H-i686-mingw32/nios2-elf/lib\libm.a
LOAD d:/altera/13.1/nios2eds/bin/gnu/h-i686-mingw32/bin/../lib/gcc/nios2-elf/4.7.3\libgcc.a
START GROUP
LOAD d:/altera/13.1/nios2eds/bin/gnu/h-i686-mingw32/bin/../lib/gcc/nios2-elf/4.7.3/../../../../../H-i686-mingw32/nios2-elf/lib\libsmallc.a
LOAD d:/altera/13.1/nios2eds/bin/gnu/h-i686-mingw32/bin/../lib/gcc/nios2-elf/4.7.3\libgcc.a
LOAD E:/1AAA/2_Verilog/cnc/qsys/software/hello_bsp/\libhal_bsp.a
END GROUP
LOAD d:/altera/13.1/nios2eds/bin/gnu/h-i686-mingw32/bin/../lib/gcc/nios2-elf/4.7.3\libgcc.a
                0x00004000                __alt_mem_onchip_memory2_0 = 0x4000

.entry          0x00004000       0x20
 *(.entry)
 .entry         0x00004000       0x20 E:/1AAA/2_Verilog/cnc/qsys/software/hello_bsp//obj/HAL/src/crt0.o
                0x00004000                __reset

.exceptions     0x00004020        0x0
                0x00004020                PROVIDE (__ram_exceptions_start, ABSOLUTE (.))
                0x00004020                . = ALIGN (0x20)
 *(.irq)
 *(.exceptions.entry.label)
 *(.exceptions.entry.user)
 *(.exceptions.entry.ecc_fatal)
 *(.exceptions.entry)
 *(.exceptions.irqtest.user)
 *(.exceptions.irqtest)
 *(.exceptions.irqhandler.user)
 *(.exceptions.irqhandler)
 *(.exceptions.irqreturn.user)
 *(.exceptions.irqreturn)
 *(.exceptions.notirq.label)
 *(.exceptions.notirq.user)
 *(.exceptions.notirq)
 *(.exceptions.soft.user)
 *(.exceptions.soft)
 *(.exceptions.unknown.user)
 *(.exceptions.unknown)
 *(.exceptions.exit.label)
 *(.exceptions.exit.user)
 *(.exceptions.exit)
 *(.exceptions)
                0x00004020                PROVIDE (__ram_exceptions_end, ABSOLUTE (.))
                0x00004020                PROVIDE (__flash_exceptions_start, LOADADDR (.exceptions))

.text           0x00004020     0x123c
                0x00004020                PROVIDE (stext, ABSOLUTE (.))
 *(.interp)
 *(.hash)
 *(.dynsym)
 *(.dynstr)
 *(.gnu.version)
 *(.gnu.version_d)
 *(.gnu.version_r)
 *(.rel.init)
 *(.rela.init)
 *(.rel.text .rel.text.* .rel.gnu.linkonce.t.*)
 *(.rela.text .rela.text.* .rela.gnu.linkonce.t.*)
 *(.rel.fini)
 *(.rela.fini)
 *(.rel.rodata .rel.rodata.* .rel.gnu.linkonce.r.*)
 *(.rela.rodata .rela.rodata.* .rela.gnu.linkonce.r.*)
 *(.rel.data .rel.data.* .rel.gnu.linkonce.d.*)
 *(.rela.data .rela.data.* .rela.gnu.linkonce.d.*)
 *(.rel.tdata .rel.tdata.* .rel.gnu.linkonce.td.*)
 *(.rela.tdata .rela.tdata.* .rela.gnu.linkonce.td.*)
 *(.rel.tbss .rel.tbss.* .rel.gnu.linkonce.tb.*)
 *(.rela.tbss .rela.tbss.* .rela.gnu.linkonce.tb.*)
 *(.rel.ctors)
 *(.rela.ctors)
 *(.rel.dtors)
 *(.rela.dtors)
 *(.rel.got)
 *(.rela.got)
 *(.rel.sdata .rel.sdata.* .rel.gnu.linkonce.s.*)
 *(.rela.sdata .rela.sdata.* .rela.gnu.linkonce.s.*)
 *(.rel.sbss .rel.sbss.* .rel.gnu.linkonce.sb.*)
 *(.rela.sbss .rela.sbss.* .rela.gnu.linkonce.sb.*)
 *(.rel.sdata2 .rel.sdata2.* .rel.gnu.linkonce.s2.*)
 *(.rela.sdata2 .rela.sdata2.* .rela.gnu.linkonce.s2.*)
 *(.rel.sbss2 .rel.sbss2.* .rel.gnu.linkonce.sb2.*)
 *(.rela.sbss2 .rela.sbss2.* .rela.gnu.linkonce.sb2.*)
 *(.rel.bss .rel.bss.* .rel.gnu.linkonce.b.*)
 *(.rela.bss .rela.bss.* .rela.gnu.linkonce.b.*)
 *(.rel.plt)
 *(.rela.plt)
 *(.rel.dyn)
 *(.init)
 *(.plt)
 *(.text .stub .text.* .gnu.linkonce.t.*)
 .text          0x00004020       0x4c E:/1AAA/2_Verilog/cnc/qsys/software/hello_bsp//obj/HAL/src/crt0.o
                0x00004020                _start
 .text          0x0000406c       0x34 obj/default/hello_world.o
                0x0000406c                main
 .text          0x000040a0       0x94 d:/altera/13.1/nios2eds/bin/gnu/h-i686-mingw32/bin/../lib/gcc/nios2-elf/4.7.3/../../../../../H-i686-mingw32/nios2-elf/lib\libsmallc.a(lib_a-puts.o)
                0x000040a0                _puts_r
                0x00004120                puts
 .text          0x00004134       0x28 d:/altera/13.1/nios2eds/bin/gnu/h-i686-mingw32/bin/../lib/gcc/nios2-elf/4.7.3/../../../../../H-i686-mingw32/nios2-elf/lib\libsmallc.a(lib_a-strlen.o)
                0x00004134                strlen
 .text          0x0000415c       0xe0 d:/altera/13.1/nios2eds/bin/gnu/h-i686-mingw32/bin/../lib/gcc/nios2-elf/4.7.3/../../../../../H-i686-mingw32/nios2-elf/lib\libsmallc.a(lib_a-fvwrite_small_dev.o)
                0x0000415c                __sfvwrite_small_dev
 .text          0x0000423c        0x0 d:/altera/13.1/nios2eds/bin/gnu/h-i686-mingw32/bin/../lib/gcc/nios2-elf/4.7.3/../../../../../H-i686-mingw32/nios2-elf/lib\libsmallc.a(lib_a-impure.o)
 .text          0x0000423c       0x6c d:/altera/13.1/nios2eds/bin/gnu/h-i686-mingw32/bin/../lib/gcc/nios2-elf/4.7.3/../../../../../H-i686-mingw32/nios2-elf/lib\libsmallc.a(lib_a-writer.o)
                0x0000423c                _write_r
 .text          0x000042a8        0x0 d:/altera/13.1/nios2eds/bin/gnu/h-i686-mingw32/bin/../lib/gcc/nios2-elf/4.7.3/../../../../../H-i686-mingw32/nios2-elf/lib\libsmallc.a(lib_a-int_errno.o)
 .text          0x000042a8       0xec E:/1AAA/2_Verilog/cnc/qsys/software/hello_bsp/\libhal_bsp.a(alt_load.o)
                0x00004314                alt_load
 .text          0x00004394       0x68 E:/1AAA/2_Verilog/cnc/qsys/software/hello_bsp/\libhal_bsp.a(alt_main.o)
                0x00004394                alt_main
 .text          0x000043fc      0x13c E:/1AAA/2_Verilog/cnc/qsys/software/hello_bsp/\libhal_bsp.a(alt_write.o)
                0x0000444c                write
 .text          0x00004538       0xa0 E:/1AAA/2_Verilog/cnc/qsys/software/hello_bsp/\libhal_bsp.a(alt_sys_init.o)
                0x00004570                alt_irq_init
                0x000045a4                alt_sys_init
 .text          0x000045d8       0xc0 E:/1AAA/2_Verilog/cnc/qsys/software/hello_bsp/\libhal_bsp.a(altera_avalon_jtag_uart_fd.o)
                0x000045d8                altera_avalon_jtag_uart_read_fd
                0x00004638                altera_avalon_jtag_uart_write_fd
 .text          0x00004698       0xf4 E:/1AAA/2_Verilog/cnc/qsys/software/hello_bsp/\libhal_bsp.a(altera_avalon_jtag_uart_read.o)
                0x00004698                altera_avalon_jtag_uart_read
 .text          0x0000478c       0x98 E:/1AAA/2_Verilog/cnc/qsys/software/hello_bsp/\libhal_bsp.a(altera_avalon_jtag_uart_write.o)
                0x0000478c                altera_avalon_jtag_uart_write
 .text          0x00004824      0x118 E:/1AAA/2_Verilog/cnc/qsys/software/hello_bsp/\libhal_bsp.a(alt_close.o)
                0x00004874                close
 .text          0x0000493c       0x44 E:/1AAA/2_Verilog/cnc/qsys/software/hello_bsp/\libhal_bsp.a(alt_dcache_flush_all.o)
                0x0000493c                alt_dcache_flush_all
 .text          0x00004980       0x2c E:/1AAA/2_Verilog/cnc/qsys/software/hello_bsp/\libhal_bsp.a(alt_dev.o)
 .text          0x000049ac       0xf0 E:/1AAA/2_Verilog/cnc/qsys/software/hello_bsp/\libhal_bsp.a(alt_dev_llist_insert.o)
                0x000049fc                alt_dev_llist_insert
 .text          0x00004a9c        0x0 E:/1AAA/2_Verilog/cnc/qsys/software/hello_bsp/\libhal_bsp.a(alt_errno.o)
 .text          0x00004a9c       0x3c E:/1AAA/2_Verilog/cnc/qsys/software/hello_bsp/\libhal_bsp.a(alt_exit.o)
                0x00004a9c                _exit
 .text          0x00004ad8       0x30 E:/1AAA/2_Verilog/cnc/qsys/software/hello_bsp/\libhal_bsp.a(alt_icache_flush_all.o)
                0x00004ad8                alt_icache_flush_all
 .text          0x00004b08      0x138 E:/1AAA/2_Verilog/cnc/qsys/software/hello_bsp/\libhal_bsp.a(alt_io_redirect.o)
                0x00004bc8                alt_io_redirect
 .text          0x00004c40      0x270 E:/1AAA/2_Verilog/cnc/qsys/software/hello_bsp/\libhal_bsp.a(alt_open.o)
                0x00004d5c                open
 .text          0x00004eb0       0x60 E:/1AAA/2_Verilog/cnc/qsys/software/hello_bsp/\libhal_bsp.a(alt_release_fd.o)
                0x00004eb0                alt_release_fd
 .text          0x00004f10       0x20 E:/1AAA/2_Verilog/cnc/qsys/software/hello_bsp/\libhal_bsp.a(altera_nios2_qsys_irq.o)
                0x00004f10                altera_nios2_qsys_irq_init
 .text          0x00004f30       0x90 E:/1AAA/2_Verilog/cnc/qsys/software/hello_bsp/\libhal_bsp.a(alt_find_dev.o)
                0x00004f30                alt_find_dev
 .text          0x00004fc0      0x114 E:/1AAA/2_Verilog/cnc/qsys/software/hello_bsp/\libhal_bsp.a(alt_find_file.o)
                0x00004fc0                alt_find_file
 .text          0x000050d4       0xb4 E:/1AAA/2_Verilog/cnc/qsys/software/hello_bsp/\libhal_bsp.a(alt_get_fd.o)
                0x000050d4                alt_get_fd
 .text          0x00005188       0x8c E:/1AAA/2_Verilog/cnc/qsys/software/hello_bsp/\libhal_bsp.a(alt_icache_flush.o)
                0x00005188                alt_icache_flush
 .text          0x00005214       0x48 d:/altera/13.1/nios2eds/bin/gnu/h-i686-mingw32/bin/../lib/gcc/nios2-elf/4.7.3/../../../../../H-i686-mingw32/nios2-elf/lib\libsmallc.a(lib_a-memcmp.o)
                0x00005214                memcmp
 *(.gnu.warning.*)
 *(.fini)
                0x0000525c                PROVIDE (__etext, ABSOLUTE (.))
                0x0000525c                PROVIDE (_etext, ABSOLUTE (.))
                0x0000525c                PROVIDE (etext, ABSOLUTE (.))
 *(.eh_frame_hdr)
                0x0000525c                . = ALIGN (0x4)
                0x0000525c                PROVIDE (__preinit_array_start, ABSOLUTE (.))
 *(.preinit_array)
                0x0000525c                PROVIDE (__preinit_array_end, ABSOLUTE (.))
                0x0000525c                PROVIDE (__init_array_start, ABSOLUTE (.))
 *(.init_array)
                0x0000525c                PROVIDE (__init_array_end, ABSOLUTE (.))
                0x0000525c                PROVIDE (__fini_array_start, ABSOLUTE (.))
 *(.fini_array)
                0x0000525c                PROVIDE (__fini_array_end, ABSOLUTE (.))
 *(.eh_frame)
 *(.gcc_except_table .gcc_except_table.*)
 *(.dynamic)
                0x0000525c                PROVIDE (__CTOR_LIST__, ABSOLUTE (.))
 *(.ctors)
 *(SORT(.ctors.*))
                0x0000525c                PROVIDE (__CTOR_END__, ABSOLUTE (.))
                0x0000525c                PROVIDE (__DTOR_LIST__, ABSOLUTE (.))
 *(.dtors)
 *(SORT(.dtors.*))
                0x0000525c                PROVIDE (__DTOR_END__, ABSOLUTE (.))
 *(.jcr)
                0x0000525c                . = ALIGN (0x4)

.rodata         0x0000525c       0x4c
                0x0000525c                PROVIDE (__ram_rodata_start, ABSOLUTE (.))
                0x0000525c                . = ALIGN (0x4)
 *(.rodata .rodata.* .gnu.linkonce.r.*)
 .rodata        0x0000525c       0x14 obj/default/hello_world.o
 .rodata.str1.4
                0x00005270        0x4 d:/altera/13.1/nios2eds/bin/gnu/h-i686-mingw32/bin/../lib/gcc/nios2-elf/4.7.3/../../../../../H-i686-mingw32/nios2-elf/lib\libsmallc.a(lib_a-puts.o)
 .rodata        0x00005274       0x14 E:/1AAA/2_Verilog/cnc/qsys/software/hello_bsp/\libhal_bsp.a(alt_main.o)
 .rodata        0x00005288       0x14 E:/1AAA/2_Verilog/cnc/qsys/software/hello_bsp/\libhal_bsp.a(alt_sys_init.o)
 .rodata        0x0000529c        0xc E:/1AAA/2_Verilog/cnc/qsys/software/hello_bsp/\libhal_bsp.a(alt_dev.o)
 *(.rodata1)
                0x000052a8                . = ALIGN (0x4)
                0x000052a8                PROVIDE (__ram_rodata_end, ABSOLUTE (.))
                0x0000525c                PROVIDE (__flash_rodata_start, LOADADDR (.rodata))

.rwdata         0x000052a8      0x2d4 load address 0x0000557c
                0x000052a8                PROVIDE (__ram_rwdata_start, ABSOLUTE (.))
                0x000052a8                . = ALIGN (0x4)
 *(.got.plt)
 *(.got)
 *(.data1)
 *(.data .data.* .gnu.linkonce.d.*)
 .data          0x000052a8        0x0 E:/1AAA/2_Verilog/cnc/qsys/software/hello_bsp//obj/HAL/src/crt0.o
 .data          0x000052a8        0x0 obj/default/hello_world.o
 .data          0x000052a8        0x0 d:/altera/13.1/nios2eds/bin/gnu/h-i686-mingw32/bin/../lib/gcc/nios2-elf/4.7.3/../../../../../H-i686-mingw32/nios2-elf/lib\libsmallc.a(lib_a-puts.o)
 .data          0x000052a8        0x0 d:/altera/13.1/nios2eds/bin/gnu/h-i686-mingw32/bin/../lib/gcc/nios2-elf/4.7.3/../../../../../H-i686-mingw32/nios2-elf/lib\libsmallc.a(lib_a-strlen.o)
 .data          0x000052a8        0x0 d:/altera/13.1/nios2eds/bin/gnu/h-i686-mingw32/bin/../lib/gcc/nios2-elf/4.7.3/../../../../../H-i686-mingw32/nios2-elf/lib\libsmallc.a(lib_a-fvwrite_small_dev.o)
 .data          0x000052a8       0xe0 d:/altera/13.1/nios2eds/bin/gnu/h-i686-mingw32/bin/../lib/gcc/nios2-elf/4.7.3/../../../../../H-i686-mingw32/nios2-elf/lib\libsmallc.a(lib_a-impure.o)
 .data          0x00005388        0x0 d:/altera/13.1/nios2eds/bin/gnu/h-i686-mingw32/bin/../lib/gcc/nios2-elf/4.7.3/../../../../../H-i686-mingw32/nios2-elf/lib\libsmallc.a(lib_a-writer.o)
 .data          0x00005388        0x0 d:/altera/13.1/nios2eds/bin/gnu/h-i686-mingw32/bin/../lib/gcc/nios2-elf/4.7.3/../../../../../H-i686-mingw32/nios2-elf/lib\libsmallc.a(lib_a-int_errno.o)
 .data          0x00005388        0x0 E:/1AAA/2_Verilog/cnc/qsys/software/hello_bsp/\libhal_bsp.a(alt_load.o)
 .data          0x00005388        0x0 E:/1AAA/2_Verilog/cnc/qsys/software/hello_bsp/\libhal_bsp.a(alt_main.o)
 .data          0x00005388        0x0 E:/1AAA/2_Verilog/cnc/qsys/software/hello_bsp/\libhal_bsp.a(alt_write.o)
 .data          0x00005388       0x2c E:/1AAA/2_Verilog/cnc/qsys/software/hello_bsp/\libhal_bsp.a(alt_sys_init.o)
 .data          0x000053b4        0x0 E:/1AAA/2_Verilog/cnc/qsys/software/hello_bsp/\libhal_bsp.a(altera_avalon_jtag_uart_fd.o)
 .data          0x000053b4        0x0 E:/1AAA/2_Verilog/cnc/qsys/software/hello_bsp/\libhal_bsp.a(altera_avalon_jtag_uart_read.o)
 .data          0x000053b4        0x0 E:/1AAA/2_Verilog/cnc/qsys/software/hello_bsp/\libhal_bsp.a(altera_avalon_jtag_uart_write.o)
 .data          0x000053b4        0x0 E:/1AAA/2_Verilog/cnc/qsys/software/hello_bsp/\libhal_bsp.a(alt_close.o)
 .data          0x000053b4        0x0 E:/1AAA/2_Verilog/cnc/qsys/software/hello_bsp/\libhal_bsp.a(alt_dcache_flush_all.o)
 .data          0x000053b4      0x1a8 E:/1AAA/2_Verilog/cnc/qsys/software/hello_bsp/\libhal_bsp.a(alt_dev.o)
                0x000053b4                alt_dev_null
                0x000053dc                alt_fd_list
 .data          0x0000555c        0x0 E:/1AAA/2_Verilog/cnc/qsys/software/hello_bsp/\libhal_bsp.a(alt_dev_llist_insert.o)
 .data          0x0000555c        0x0 E:/1AAA/2_Verilog/cnc/qsys/software/hello_bsp/\libhal_bsp.a(alt_errno.o)
 .data          0x0000555c        0x0 E:/1AAA/2_Verilog/cnc/qsys/software/hello_bsp/\libhal_bsp.a(alt_exit.o)
 .data          0x0000555c        0x0 E:/1AAA/2_Verilog/cnc/qsys/software/hello_bsp/\libhal_bsp.a(alt_icache_flush_all.o)
 .data          0x0000555c        0x0 E:/1AAA/2_Verilog/cnc/qsys/software/hello_bsp/\libhal_bsp.a(alt_io_redirect.o)
 .data          0x0000555c        0x0 E:/1AAA/2_Verilog/cnc/qsys/software/hello_bsp/\libhal_bsp.a(alt_open.o)
 .data          0x0000555c        0x0 E:/1AAA/2_Verilog/cnc/qsys/software/hello_bsp/\libhal_bsp.a(alt_release_fd.o)
 .data          0x0000555c        0x0 E:/1AAA/2_Verilog/cnc/qsys/software/hello_bsp/\libhal_bsp.a(altera_nios2_qsys_irq.o)
 .data          0x0000555c        0x0 E:/1AAA/2_Verilog/cnc/qsys/software/hello_bsp/\libhal_bsp.a(alt_find_dev.o)
 .data          0x0000555c        0x0 E:/1AAA/2_Verilog/cnc/qsys/software/hello_bsp/\libhal_bsp.a(alt_find_file.o)
 .data          0x0000555c        0x0 E:/1AAA/2_Verilog/cnc/qsys/software/hello_bsp/\libhal_bsp.a(alt_get_fd.o)
 .data          0x0000555c        0x0 E:/1AAA/2_Verilog/cnc/qsys/software/hello_bsp/\libhal_bsp.a(alt_icache_flush.o)
 .data          0x0000555c        0x0 d:/altera/13.1/nios2eds/bin/gnu/h-i686-mingw32/bin/../lib/gcc/nios2-elf/4.7.3/../../../../../H-i686-mingw32/nios2-elf/lib\libsmallc.a(lib_a-memcmp.o)
                0x0000d55c                _gp = ABSOLUTE ((. + 0x8000))
                0x0000d55c                PROVIDE (gp, _gp)
 *(.rwdata .rwdata.*)
 *(.sdata .sdata.* .gnu.linkonce.s.*)
 .sdata         0x0000555c        0x8 d:/altera/13.1/nios2eds/bin/gnu/h-i686-mingw32/bin/../lib/gcc/nios2-elf/4.7.3/../../../../../H-i686-mingw32/nios2-elf/lib\libsmallc.a(lib_a-impure.o)
                0x0000555c                _global_impure_ptr
                0x00005560                _impure_ptr
 .sdata         0x00005564       0x14 E:/1AAA/2_Verilog/cnc/qsys/software/hello_bsp/\libhal_bsp.a(alt_dev.o)
                0x00005564                alt_fs_list
                0x0000556c                alt_dev_list
                0x00005574                alt_max_fd
 .sdata         0x00005578        0x4 E:/1AAA/2_Verilog/cnc/qsys/software/hello_bsp/\libhal_bsp.a(alt_errno.o)
                0x00005578                alt_errno
 *(.sdata2 .sdata2.* .gnu.linkonce.s2.*)
                0x0000557c                . = ALIGN (0x4)
                0x0000557c                _edata = ABSOLUTE (.)
                0x0000557c                PROVIDE (edata, ABSOLUTE (.))
                0x0000557c                PROVIDE (__ram_rwdata_end, ABSOLUTE (.))
                0x0000557c                PROVIDE (__flash_rwdata_start, LOADADDR (.rwdata))

.bss            0x00005850       0x10
                0x00005850                __bss_start = ABSOLUTE (.)
                0x00005850                PROVIDE (__sbss_start, ABSOLUTE (.))
                0x00005850                PROVIDE (___sbss_start, ABSOLUTE (.))
 *(.dynsbss)
 *(.sbss .sbss.* .gnu.linkonce.sb.*)
 .sbss          0x00005850        0x4 d:/altera/13.1/nios2eds/bin/gnu/h-i686-mingw32/bin/../lib/gcc/nios2-elf/4.7.3/../../../../../H-i686-mingw32/nios2-elf/lib\libsmallc.a(lib_a-int_errno.o)
                0x00005850                errno
 .sbss          0x00005854        0xc E:/1AAA/2_Verilog/cnc/qsys/software/hello_bsp/\libhal_bsp.a(alt_main.o)
                0x00005854                alt_argc
                0x00005858                alt_argv
                0x0000585c                alt_envp
 *(.sbss2 .sbss2.* .gnu.linkonce.sb2.*)
 *(.scommon)
                0x00005860                PROVIDE (__sbss_end, ABSOLUTE (.))
                0x00005860                PROVIDE (___sbss_end, ABSOLUTE (.))
 *(.dynbss)
 *(.bss .bss.* .gnu.linkonce.b.*)
 .bss           0x00005860        0x0 E:/1AAA/2_Verilog/cnc/qsys/software/hello_bsp//obj/HAL/src/crt0.o
 .bss           0x00005860        0x0 obj/default/hello_world.o
 .bss           0x00005860        0x0 d:/altera/13.1/nios2eds/bin/gnu/h-i686-mingw32/bin/../lib/gcc/nios2-elf/4.7.3/../../../../../H-i686-mingw32/nios2-elf/lib\libsmallc.a(lib_a-puts.o)
 .bss           0x00005860        0x0 d:/altera/13.1/nios2eds/bin/gnu/h-i686-mingw32/bin/../lib/gcc/nios2-elf/4.7.3/../../../../../H-i686-mingw32/nios2-elf/lib\libsmallc.a(lib_a-strlen.o)
 .bss           0x00005860        0x0 d:/altera/13.1/nios2eds/bin/gnu/h-i686-mingw32/bin/../lib/gcc/nios2-elf/4.7.3/../../../../../H-i686-mingw32/nios2-elf/lib\libsmallc.a(lib_a-fvwrite_small_dev.o)
 .bss           0x00005860        0x0 d:/altera/13.1/nios2eds/bin/gnu/h-i686-mingw32/bin/../lib/gcc/nios2-elf/4.7.3/../../../../../H-i686-mingw32/nios2-elf/lib\libsmallc.a(lib_a-impure.o)
 .bss           0x00005860        0x0 d:/altera/13.1/nios2eds/bin/gnu/h-i686-mingw32/bin/../lib/gcc/nios2-elf/4.7.3/../../../../../H-i686-mingw32/nios2-elf/lib\libsmallc.a(lib_a-writer.o)
 .bss           0x00005860        0x0 d:/altera/13.1/nios2eds/bin/gnu/h-i686-mingw32/bin/../lib/gcc/nios2-elf/4.7.3/../../../../../H-i686-mingw32/nios2-elf/lib\libsmallc.a(lib_a-int_errno.o)
 .bss           0x00005860        0x0 E:/1AAA/2_Verilog/cnc/qsys/software/hello_bsp/\libhal_bsp.a(alt_load.o)
 .bss           0x00005860        0x0 E:/1AAA/2_Verilog/cnc/qsys/software/hello_bsp/\libhal_bsp.a(alt_main.o)
 .bss           0x00005860        0x0 E:/1AAA/2_Verilog/cnc/qsys/software/hello_bsp/\libhal_bsp.a(alt_write.o)
 .bss           0x00005860        0x0 E:/1AAA/2_Verilog/cnc/qsys/software/hello_bsp/\libhal_bsp.a(alt_sys_init.o)
 .bss           0x00005860        0x0 E:/1AAA/2_Verilog/cnc/qsys/software/hello_bsp/\libhal_bsp.a(altera_avalon_jtag_uart_fd.o)
 .bss           0x00005860        0x0 E:/1AAA/2_Verilog/cnc/qsys/software/hello_bsp/\libhal_bsp.a(altera_avalon_jtag_uart_read.o)
 .bss           0x00005860        0x0 E:/1AAA/2_Verilog/cnc/qsys/software/hello_bsp/\libhal_bsp.a(altera_avalon_jtag_uart_write.o)
 .bss           0x00005860        0x0 E:/1AAA/2_Verilog/cnc/qsys/software/hello_bsp/\libhal_bsp.a(alt_close.o)
 .bss           0x00005860        0x0 E:/1AAA/2_Verilog/cnc/qsys/software/hello_bsp/\libhal_bsp.a(alt_dcache_flush_all.o)
 .bss           0x00005860        0x0 E:/1AAA/2_Verilog/cnc/qsys/software/hello_bsp/\libhal_bsp.a(alt_dev.o)
 .bss           0x00005860        0x0 E:/1AAA/2_Verilog/cnc/qsys/software/hello_bsp/\libhal_bsp.a(alt_dev_llist_insert.o)
 .bss           0x00005860        0x0 E:/1AAA/2_Verilog/cnc/qsys/software/hello_bsp/\libhal_bsp.a(alt_errno.o)
 .bss           0x00005860        0x0 E:/1AAA/2_Verilog/cnc/qsys/software/hello_bsp/\libhal_bsp.a(alt_exit.o)
 .bss           0x00005860        0x0 E:/1AAA/2_Verilog/cnc/qsys/software/hello_bsp/\libhal_bsp.a(alt_icache_flush_all.o)
 .bss           0x00005860        0x0 E:/1AAA/2_Verilog/cnc/qsys/software/hello_bsp/\libhal_bsp.a(alt_io_redirect.o)
 .bss           0x00005860        0x0 E:/1AAA/2_Verilog/cnc/qsys/software/hello_bsp/\libhal_bsp.a(alt_open.o)
 .bss           0x00005860        0x0 E:/1AAA/2_Verilog/cnc/qsys/software/hello_bsp/\libhal_bsp.a(alt_release_fd.o)
 .bss           0x00005860        0x0 E:/1AAA/2_Verilog/cnc/qsys/software/hello_bsp/\libhal_bsp.a(altera_nios2_qsys_irq.o)
 .bss           0x00005860        0x0 E:/1AAA/2_Verilog/cnc/qsys/software/hello_bsp/\libhal_bsp.a(alt_find_dev.o)
 .bss           0x00005860        0x0 E:/1AAA/2_Verilog/cnc/qsys/software/hello_bsp/\libhal_bsp.a(alt_find_file.o)
 .bss           0x00005860        0x0 E:/1AAA/2_Verilog/cnc/qsys/software/hello_bsp/\libhal_bsp.a(alt_get_fd.o)
 .bss           0x00005860        0x0 E:/1AAA/2_Verilog/cnc/qsys/software/hello_bsp/\libhal_bsp.a(alt_icache_flush.o)
 .bss           0x00005860        0x0 d:/altera/13.1/nios2eds/bin/gnu/h-i686-mingw32/bin/../lib/gcc/nios2-elf/4.7.3/../../../../../H-i686-mingw32/nios2-elf/lib\libsmallc.a(lib_a-memcmp.o)
 *(COMMON)
                0x00005860                . = ALIGN (0x4)
                0x00005860                __bss_end = ABSOLUTE (.)

.onchip_memory2_0
                0x00005860        0x0
                0x00005860                PROVIDE (_alt_partition_onchip_memory2_0_start, ABSOLUTE (.))
 *(.onchip_memory2_0 .onchip_memory2_0. onchip_memory2_0.*)
                0x00005860                . = ALIGN (0x4)
                0x00005860                PROVIDE (_alt_partition_onchip_memory2_0_end, ABSOLUTE (.))
                0x00005860                _end = ABSOLUTE (.)
                0x00005860                end = ABSOLUTE (.)
                0x00005860                __alt_stack_base = ABSOLUTE (.)
                0x00005860                PROVIDE (_alt_partition_onchip_memory2_0_load_addr, LOADADDR (.onchip_memory2_0))

.stab
 *(.stab)

.stabstr
 *(.stabstr)

.stab.excl
 *(.stab.excl)

.stab.exclstr
 *(.stab.exclstr)

.stab.index
 *(.stab.index)

.stab.indexstr
 *(.stab.indexstr)

.comment        0x00000000       0x23
 *(.comment)
 .comment       0x00000000       0x23 obj/default/hello_world.o
                                 0x24 (size before relaxing)
 .comment       0x00000000       0x24 d:/altera/13.1/nios2eds/bin/gnu/h-i686-mingw32/bin/../lib/gcc/nios2-elf/4.7.3/../../../../../H-i686-mingw32/nios2-elf/lib\libsmallc.a(lib_a-puts.o)
 .comment       0x00000000       0x24 d:/altera/13.1/nios2eds/bin/gnu/h-i686-mingw32/bin/../lib/gcc/nios2-elf/4.7.3/../../../../../H-i686-mingw32/nios2-elf/lib\libsmallc.a(lib_a-strlen.o)
 .comment       0x00000000       0x24 d:/altera/13.1/nios2eds/bin/gnu/h-i686-mingw32/bin/../lib/gcc/nios2-elf/4.7.3/../../../../../H-i686-mingw32/nios2-elf/lib\libsmallc.a(lib_a-fvwrite_small_dev.o)
 .comment       0x00000000       0x24 d:/altera/13.1/nios2eds/bin/gnu/h-i686-mingw32/bin/../lib/gcc/nios2-elf/4.7.3/../../../../../H-i686-mingw32/nios2-elf/lib\libsmallc.a(lib_a-impure.o)
 .comment       0x00000000       0x24 d:/altera/13.1/nios2eds/bin/gnu/h-i686-mingw32/bin/../lib/gcc/nios2-elf/4.7.3/../../../../../H-i686-mingw32/nios2-elf/lib\libsmallc.a(lib_a-writer.o)
 .comment       0x00000000       0x24 d:/altera/13.1/nios2eds/bin/gnu/h-i686-mingw32/bin/../lib/gcc/nios2-elf/4.7.3/../../../../../H-i686-mingw32/nios2-elf/lib\libsmallc.a(lib_a-int_errno.o)
 .comment       0x00000000       0x24 E:/1AAA/2_Verilog/cnc/qsys/software/hello_bsp/\libhal_bsp.a(alt_load.o)
 .comment       0x00000000       0x24 E:/1AAA/2_Verilog/cnc/qsys/software/hello_bsp/\libhal_bsp.a(alt_main.o)
 .comment       0x00000000       0x24 E:/1AAA/2_Verilog/cnc/qsys/software/hello_bsp/\libhal_bsp.a(alt_write.o)
 .comment       0x00000000       0x24 E:/1AAA/2_Verilog/cnc/qsys/software/hello_bsp/\libhal_bsp.a(alt_sys_init.o)
 .comment       0x00000000       0x24 E:/1AAA/2_Verilog/cnc/qsys/software/hello_bsp/\libhal_bsp.a(altera_avalon_jtag_uart_fd.o)
 .comment       0x00000000       0x24 E:/1AAA/2_Verilog/cnc/qsys/software/hello_bsp/\libhal_bsp.a(altera_avalon_jtag_uart_read.o)
 .comment       0x00000000       0x24 E:/1AAA/2_Verilog/cnc/qsys/software/hello_bsp/\libhal_bsp.a(altera_avalon_jtag_uart_write.o)
 .comment       0x00000000       0x24 E:/1AAA/2_Verilog/cnc/qsys/software/hello_bsp/\libhal_bsp.a(alt_close.o)
 .comment       0x00000000       0x24 E:/1AAA/2_Verilog/cnc/qsys/software/hello_bsp/\libhal_bsp.a(alt_dcache_flush_all.o)
 .comment       0x00000000       0x24 E:/1AAA/2_Verilog/cnc/qsys/software/hello_bsp/\libhal_bsp.a(alt_dev.o)
 .comment       0x00000000       0x24 E:/1AAA/2_Verilog/cnc/qsys/software/hello_bsp/\libhal_bsp.a(alt_dev_llist_insert.o)
 .comment       0x00000000       0x24 E:/1AAA/2_Verilog/cnc/qsys/software/hello_bsp/\libhal_bsp.a(alt_errno.o)
 .comment       0x00000000       0x24 E:/1AAA/2_Verilog/cnc/qsys/software/hello_bsp/\libhal_bsp.a(alt_exit.o)
 .comment       0x00000000       0x24 E:/1AAA/2_Verilog/cnc/qsys/software/hello_bsp/\libhal_bsp.a(alt_icache_flush_all.o)
 .comment       0x00000000       0x24 E:/1AAA/2_Verilog/cnc/qsys/software/hello_bsp/\libhal_bsp.a(alt_io_redirect.o)
 .comment       0x00000000       0x24 E:/1AAA/2_Verilog/cnc/qsys/software/hello_bsp/\libhal_bsp.a(alt_open.o)
 .comment       0x00000000       0x24 E:/1AAA/2_Verilog/cnc/qsys/software/hello_bsp/\libhal_bsp.a(alt_release_fd.o)
 .comment       0x00000000       0x24 E:/1AAA/2_Verilog/cnc/qsys/software/hello_bsp/\libhal_bsp.a(altera_nios2_qsys_irq.o)
 .comment       0x00000000       0x24 E:/1AAA/2_Verilog/cnc/qsys/software/hello_bsp/\libhal_bsp.a(alt_find_dev.o)
 .comment       0x00000000       0x24 E:/1AAA/2_Verilog/cnc/qsys/software/hello_bsp/\libhal_bsp.a(alt_find_file.o)
 .comment       0x00000000       0x24 E:/1AAA/2_Verilog/cnc/qsys/software/hello_bsp/\libhal_bsp.a(alt_get_fd.o)
 .comment       0x00000000       0x24 E:/1AAA/2_Verilog/cnc/qsys/software/hello_bsp/\libhal_bsp.a(alt_icache_flush.o)
 .comment       0x00000000       0x24 d:/altera/13.1/nios2eds/bin/gnu/h-i686-mingw32/bin/../lib/gcc/nios2-elf/4.7.3/../../../../../H-i686-mingw32/nios2-elf/lib\libsmallc.a(lib_a-memcmp.o)

.debug
 *(.debug)

.line
 *(.line)

.debug_srcinfo
 *(.debug_srcinfo)

.debug_sfnames
 *(.debug_sfnames)

.debug_aranges  0x00000000      0x3d0
 *(.debug_aranges)
 .debug_aranges
                0x00000000       0x28 E:/1AAA/2_Verilog/cnc/qsys/software/hello_bsp//obj/HAL/src/crt0.o
 .debug_aranges
                0x00000028       0x20 obj/default/hello_world.o
 .debug_aranges
                0x00000048       0x20 d:/altera/13.1/nios2eds/bin/gnu/h-i686-mingw32/bin/../lib/gcc/nios2-elf/4.7.3/../../../../../H-i686-mingw32/nios2-elf/lib\libsmallc.a(lib_a-puts.o)
 .debug_aranges
                0x00000068       0x20 d:/altera/13.1/nios2eds/bin/gnu/h-i686-mingw32/bin/../lib/gcc/nios2-elf/4.7.3/../../../../../H-i686-mingw32/nios2-elf/lib\libsmallc.a(lib_a-strlen.o)
 .debug_aranges
                0x00000088       0x20 d:/altera/13.1/nios2eds/bin/gnu/h-i686-mingw32/bin/../lib/gcc/nios2-elf/4.7.3/../../../../../H-i686-mingw32/nios2-elf/lib\libsmallc.a(lib_a-fvwrite_small_dev.o)
 .debug_aranges
                0x000000a8       0x18 d:/altera/13.1/nios2eds/bin/gnu/h-i686-mingw32/bin/../lib/gcc/nios2-elf/4.7.3/../../../../../H-i686-mingw32/nios2-elf/lib\libsmallc.a(lib_a-impure.o)
 .debug_aranges
                0x000000c0       0x20 d:/altera/13.1/nios2eds/bin/gnu/h-i686-mingw32/bin/../lib/gcc/nios2-elf/4.7.3/../../../../../H-i686-mingw32/nios2-elf/lib\libsmallc.a(lib_a-writer.o)
 .debug_aranges
                0x000000e0       0x18 d:/altera/13.1/nios2eds/bin/gnu/h-i686-mingw32/bin/../lib/gcc/nios2-elf/4.7.3/../../../../../H-i686-mingw32/nios2-elf/lib\libsmallc.a(lib_a-int_errno.o)
 .debug_aranges
                0x000000f8       0x20 E:/1AAA/2_Verilog/cnc/qsys/software/hello_bsp/\libhal_bsp.a(alt_load.o)
 .debug_aranges
                0x00000118       0x20 E:/1AAA/2_Verilog/cnc/qsys/software/hello_bsp/\libhal_bsp.a(alt_main.o)
 .debug_aranges
                0x00000138       0x20 E:/1AAA/2_Verilog/cnc/qsys/software/hello_bsp/\libhal_bsp.a(alt_write.o)
 .debug_aranges
                0x00000158       0x20 E:/1AAA/2_Verilog/cnc/qsys/software/hello_bsp/\libhal_bsp.a(alt_sys_init.o)
 .debug_aranges
                0x00000178       0x20 E:/1AAA/2_Verilog/cnc/qsys/software/hello_bsp/\libhal_bsp.a(altera_avalon_jtag_uart_fd.o)
 .debug_aranges
                0x00000198       0x20 E:/1AAA/2_Verilog/cnc/qsys/software/hello_bsp/\libhal_bsp.a(altera_avalon_jtag_uart_read.o)
 .debug_aranges
                0x000001b8       0x20 E:/1AAA/2_Verilog/cnc/qsys/software/hello_bsp/\libhal_bsp.a(altera_avalon_jtag_uart_write.o)
 .debug_aranges
                0x000001d8       0x20 E:/1AAA/2_Verilog/cnc/qsys/software/hello_bsp/\libhal_bsp.a(alt_close.o)
 .debug_aranges
                0x000001f8       0x20 E:/1AAA/2_Verilog/cnc/qsys/software/hello_bsp/\libhal_bsp.a(alt_dcache_flush_all.o)
 .debug_aranges
                0x00000218       0x20 E:/1AAA/2_Verilog/cnc/qsys/software/hello_bsp/\libhal_bsp.a(alt_dev.o)
 .debug_aranges
                0x00000238       0x20 E:/1AAA/2_Verilog/cnc/qsys/software/hello_bsp/\libhal_bsp.a(alt_dev_llist_insert.o)
 .debug_aranges
                0x00000258       0x18 E:/1AAA/2_Verilog/cnc/qsys/software/hello_bsp/\libhal_bsp.a(alt_errno.o)
 .debug_aranges
                0x00000270       0x20 E:/1AAA/2_Verilog/cnc/qsys/software/hello_bsp/\libhal_bsp.a(alt_exit.o)
 .debug_aranges
                0x00000290       0x20 E:/1AAA/2_Verilog/cnc/qsys/software/hello_bsp/\libhal_bsp.a(alt_icache_flush_all.o)
 .debug_aranges
                0x000002b0       0x20 E:/1AAA/2_Verilog/cnc/qsys/software/hello_bsp/\libhal_bsp.a(alt_io_redirect.o)
 .debug_aranges
                0x000002d0       0x20 E:/1AAA/2_Verilog/cnc/qsys/software/hello_bsp/\libhal_bsp.a(alt_open.o)
 .debug_aranges
                0x000002f0       0x20 E:/1AAA/2_Verilog/cnc/qsys/software/hello_bsp/\libhal_bsp.a(alt_release_fd.o)
 .debug_aranges
                0x00000310       0x20 E:/1AAA/2_Verilog/cnc/qsys/software/hello_bsp/\libhal_bsp.a(altera_nios2_qsys_irq.o)
 .debug_aranges
                0x00000330       0x20 E:/1AAA/2_Verilog/cnc/qsys/software/hello_bsp/\libhal_bsp.a(alt_find_dev.o)
 .debug_aranges
                0x00000350       0x20 E:/1AAA/2_Verilog/cnc/qsys/software/hello_bsp/\libhal_bsp.a(alt_find_file.o)
 .debug_aranges
                0x00000370       0x20 E:/1AAA/2_Verilog/cnc/qsys/software/hello_bsp/\libhal_bsp.a(alt_get_fd.o)
 .debug_aranges
                0x00000390       0x20 E:/1AAA/2_Verilog/cnc/qsys/software/hello_bsp/\libhal_bsp.a(alt_icache_flush.o)
 .debug_aranges
                0x000003b0       0x20 d:/altera/13.1/nios2eds/bin/gnu/h-i686-mingw32/bin/../lib/gcc/nios2-elf/4.7.3/../../../../../H-i686-mingw32/nios2-elf/lib\libsmallc.a(lib_a-memcmp.o)

.debug_pubnames
 *(.debug_pubnames)

.debug_info     0x00000000     0x53d0
 *(.debug_info .gnu.linkonce.wi.*)
 .debug_info    0x00000000       0x62 E:/1AAA/2_Verilog/cnc/qsys/software/hello_bsp//obj/HAL/src/crt0.o
 .debug_info    0x00000062       0x93 obj/default/hello_world.o
 .debug_info    0x000000f5      0x6f4 d:/altera/13.1/nios2eds/bin/gnu/h-i686-mingw32/bin/../lib/gcc/nios2-elf/4.7.3/../../../../../H-i686-mingw32/nios2-elf/lib\libsmallc.a(lib_a-puts.o)
 .debug_info    0x000007e9       0xc6 d:/altera/13.1/nios2eds/bin/gnu/h-i686-mingw32/bin/../lib/gcc/nios2-elf/4.7.3/../../../../../H-i686-mingw32/nios2-elf/lib\libsmallc.a(lib_a-strlen.o)
 .debug_info    0x000008af      0x6d9 d:/altera/13.1/nios2eds/bin/gnu/h-i686-mingw32/bin/../lib/gcc/nios2-elf/4.7.3/../../../../../H-i686-mingw32/nios2-elf/lib\libsmallc.a(lib_a-fvwrite_small_dev.o)
 .debug_info    0x00000f88      0x631 d:/altera/13.1/nios2eds/bin/gnu/h-i686-mingw32/bin/../lib/gcc/nios2-elf/4.7.3/../../../../../H-i686-mingw32/nios2-elf/lib\libsmallc.a(lib_a-impure.o)
 .debug_info    0x000015b9      0x6cb d:/altera/13.1/nios2eds/bin/gnu/h-i686-mingw32/bin/../lib/gcc/nios2-elf/4.7.3/../../../../../H-i686-mingw32/nios2-elf/lib\libsmallc.a(lib_a-writer.o)
 .debug_info    0x00001c84       0x84 d:/altera/13.1/nios2eds/bin/gnu/h-i686-mingw32/bin/../lib/gcc/nios2-elf/4.7.3/../../../../../H-i686-mingw32/nios2-elf/lib\libsmallc.a(lib_a-int_errno.o)
 .debug_info    0x00001d08      0x135 E:/1AAA/2_Verilog/cnc/qsys/software/hello_bsp/\libhal_bsp.a(alt_load.o)
 .debug_info    0x00001e3d      0x139 E:/1AAA/2_Verilog/cnc/qsys/software/hello_bsp/\libhal_bsp.a(alt_main.o)
 .debug_info    0x00001f76      0x507 E:/1AAA/2_Verilog/cnc/qsys/software/hello_bsp/\libhal_bsp.a(alt_write.o)
 .debug_info    0x0000247d      0x406 E:/1AAA/2_Verilog/cnc/qsys/software/hello_bsp/\libhal_bsp.a(alt_sys_init.o)
 .debug_info    0x00002883      0x3da E:/1AAA/2_Verilog/cnc/qsys/software/hello_bsp/\libhal_bsp.a(altera_avalon_jtag_uart_fd.o)
 .debug_info    0x00002c5d      0x1bc E:/1AAA/2_Verilog/cnc/qsys/software/hello_bsp/\libhal_bsp.a(altera_avalon_jtag_uart_read.o)
 .debug_info    0x00002e19      0x19f E:/1AAA/2_Verilog/cnc/qsys/software/hello_bsp/\libhal_bsp.a(altera_avalon_jtag_uart_write.o)
 .debug_info    0x00002fb8      0x350 E:/1AAA/2_Verilog/cnc/qsys/software/hello_bsp/\libhal_bsp.a(alt_close.o)
 .debug_info    0x00003308       0xa3 E:/1AAA/2_Verilog/cnc/qsys/software/hello_bsp/\libhal_bsp.a(alt_dcache_flush_all.o)
 .debug_info    0x000033ab      0x4e3 E:/1AAA/2_Verilog/cnc/qsys/software/hello_bsp/\libhal_bsp.a(alt_dev.o)
 .debug_info    0x0000388e      0x1b9 E:/1AAA/2_Verilog/cnc/qsys/software/hello_bsp/\libhal_bsp.a(alt_dev_llist_insert.o)
 .debug_info    0x00003a47       0xa3 E:/1AAA/2_Verilog/cnc/qsys/software/hello_bsp/\libhal_bsp.a(alt_errno.o)
 .debug_info    0x00003aea       0xec E:/1AAA/2_Verilog/cnc/qsys/software/hello_bsp/\libhal_bsp.a(alt_exit.o)
 .debug_info    0x00003bd6       0x90 E:/1AAA/2_Verilog/cnc/qsys/software/hello_bsp/\libhal_bsp.a(alt_icache_flush_all.o)
 .debug_info    0x00003c66      0x4f0 E:/1AAA/2_Verilog/cnc/qsys/software/hello_bsp/\libhal_bsp.a(alt_io_redirect.o)
 .debug_info    0x00004156      0x3f0 E:/1AAA/2_Verilog/cnc/qsys/software/hello_bsp/\libhal_bsp.a(alt_open.o)
 .debug_info    0x00004546      0x2dd E:/1AAA/2_Verilog/cnc/qsys/software/hello_bsp/\libhal_bsp.a(alt_release_fd.o)
 .debug_info    0x00004823       0x90 E:/1AAA/2_Verilog/cnc/qsys/software/hello_bsp/\libhal_bsp.a(altera_nios2_qsys_irq.o)
 .debug_info    0x000048b3      0x30d E:/1AAA/2_Verilog/cnc/qsys/software/hello_bsp/\libhal_bsp.a(alt_find_dev.o)
 .debug_info    0x00004bc0      0x30c E:/1AAA/2_Verilog/cnc/qsys/software/hello_bsp/\libhal_bsp.a(alt_find_file.o)
 .debug_info    0x00004ecc      0x339 E:/1AAA/2_Verilog/cnc/qsys/software/hello_bsp/\libhal_bsp.a(alt_get_fd.o)
 .debug_info    0x00005205       0xda E:/1AAA/2_Verilog/cnc/qsys/software/hello_bsp/\libhal_bsp.a(alt_icache_flush.o)
 .debug_info    0x000052df       0xf1 d:/altera/13.1/nios2eds/bin/gnu/h-i686-mingw32/bin/../lib/gcc/nios2-elf/4.7.3/../../../../../H-i686-mingw32/nios2-elf/lib\libsmallc.a(lib_a-memcmp.o)

.debug_abbrev   0x00000000     0x19f6
 *(.debug_abbrev)
 .debug_abbrev  0x00000000       0x12 E:/1AAA/2_Verilog/cnc/qsys/software/hello_bsp//obj/HAL/src/crt0.o
 .debug_abbrev  0x00000012       0x42 obj/default/hello_world.o
 .debug_abbrev  0x00000054      0x1d4 d:/altera/13.1/nios2eds/bin/gnu/h-i686-mingw32/bin/../lib/gcc/nios2-elf/4.7.3/../../../../../H-i686-mingw32/nios2-elf/lib\libsmallc.a(lib_a-puts.o)
 .debug_abbrev  0x00000228       0x7f d:/altera/13.1/nios2eds/bin/gnu/h-i686-mingw32/bin/../lib/gcc/nios2-elf/4.7.3/../../../../../H-i686-mingw32/nios2-elf/lib\libsmallc.a(lib_a-strlen.o)
 .debug_abbrev  0x000002a7      0x1a8 d:/altera/13.1/nios2eds/bin/gnu/h-i686-mingw32/bin/../lib/gcc/nios2-elf/4.7.3/../../../../../H-i686-mingw32/nios2-elf/lib\libsmallc.a(lib_a-fvwrite_small_dev.o)
 .debug_abbrev  0x0000044f      0x13b d:/altera/13.1/nios2eds/bin/gnu/h-i686-mingw32/bin/../lib/gcc/nios2-elf/4.7.3/../../../../../H-i686-mingw32/nios2-elf/lib\libsmallc.a(lib_a-impure.o)
 .debug_abbrev  0x0000058a      0x199 d:/altera/13.1/nios2eds/bin/gnu/h-i686-mingw32/bin/../lib/gcc/nios2-elf/4.7.3/../../../../../H-i686-mingw32/nios2-elf/lib\libsmallc.a(lib_a-writer.o)
 .debug_abbrev  0x00000723       0x37 d:/altera/13.1/nios2eds/bin/gnu/h-i686-mingw32/bin/../lib/gcc/nios2-elf/4.7.3/../../../../../H-i686-mingw32/nios2-elf/lib\libsmallc.a(lib_a-int_errno.o)
 .debug_abbrev  0x0000075a       0x9d E:/1AAA/2_Verilog/cnc/qsys/software/hello_bsp/\libhal_bsp.a(alt_load.o)
 .debug_abbrev  0x000007f7       0xba E:/1AAA/2_Verilog/cnc/qsys/software/hello_bsp/\libhal_bsp.a(alt_main.o)
 .debug_abbrev  0x000008b1      0x133 E:/1AAA/2_Verilog/cnc/qsys/software/hello_bsp/\libhal_bsp.a(alt_write.o)
 .debug_abbrev  0x000009e4      0x155 E:/1AAA/2_Verilog/cnc/qsys/software/hello_bsp/\libhal_bsp.a(alt_sys_init.o)
 .debug_abbrev  0x00000b39       0xf7 E:/1AAA/2_Verilog/cnc/qsys/software/hello_bsp/\libhal_bsp.a(altera_avalon_jtag_uart_fd.o)
 .debug_abbrev  0x00000c30       0xd5 E:/1AAA/2_Verilog/cnc/qsys/software/hello_bsp/\libhal_bsp.a(altera_avalon_jtag_uart_read.o)
 .debug_abbrev  0x00000d05       0xd5 E:/1AAA/2_Verilog/cnc/qsys/software/hello_bsp/\libhal_bsp.a(altera_avalon_jtag_uart_write.o)
 .debug_abbrev  0x00000dda      0x11f E:/1AAA/2_Verilog/cnc/qsys/software/hello_bsp/\libhal_bsp.a(alt_close.o)
 .debug_abbrev  0x00000ef9       0x5a E:/1AAA/2_Verilog/cnc/qsys/software/hello_bsp/\libhal_bsp.a(alt_dcache_flush_all.o)
 .debug_abbrev  0x00000f53       0xd9 E:/1AAA/2_Verilog/cnc/qsys/software/hello_bsp/\libhal_bsp.a(alt_dev.o)
 .debug_abbrev  0x0000102c      0x114 E:/1AAA/2_Verilog/cnc/qsys/software/hello_bsp/\libhal_bsp.a(alt_dev_llist_insert.o)
 .debug_abbrev  0x00001140       0x5a E:/1AAA/2_Verilog/cnc/qsys/software/hello_bsp/\libhal_bsp.a(alt_errno.o)
 .debug_abbrev  0x0000119a       0xa6 E:/1AAA/2_Verilog/cnc/qsys/software/hello_bsp/\libhal_bsp.a(alt_exit.o)
 .debug_abbrev  0x00001240       0x42 E:/1AAA/2_Verilog/cnc/qsys/software/hello_bsp/\libhal_bsp.a(alt_icache_flush_all.o)
 .debug_abbrev  0x00001282      0x114 E:/1AAA/2_Verilog/cnc/qsys/software/hello_bsp/\libhal_bsp.a(alt_io_redirect.o)
 .debug_abbrev  0x00001396      0x148 E:/1AAA/2_Verilog/cnc/qsys/software/hello_bsp/\libhal_bsp.a(alt_open.o)
 .debug_abbrev  0x000014de       0xde E:/1AAA/2_Verilog/cnc/qsys/software/hello_bsp/\libhal_bsp.a(alt_release_fd.o)
 .debug_abbrev  0x000015bc       0x42 E:/1AAA/2_Verilog/cnc/qsys/software/hello_bsp/\libhal_bsp.a(altera_nios2_qsys_irq.o)
 .debug_abbrev  0x000015fe       0xf0 E:/1AAA/2_Verilog/cnc/qsys/software/hello_bsp/\libhal_bsp.a(alt_find_dev.o)
 .debug_abbrev  0x000016ee       0xf0 E:/1AAA/2_Verilog/cnc/qsys/software/hello_bsp/\libhal_bsp.a(alt_find_file.o)
 .debug_abbrev  0x000017de      0x10d E:/1AAA/2_Verilog/cnc/qsys/software/hello_bsp/\libhal_bsp.a(alt_get_fd.o)
 .debug_abbrev  0x000018eb       0x8c E:/1AAA/2_Verilog/cnc/qsys/software/hello_bsp/\libhal_bsp.a(alt_icache_flush.o)
 .debug_abbrev  0x00001977       0x7f d:/altera/13.1/nios2eds/bin/gnu/h-i686-mingw32/bin/../lib/gcc/nios2-elf/4.7.3/../../../../../H-i686-mingw32/nios2-elf/lib\libsmallc.a(lib_a-memcmp.o)

.debug_line     0x00000000     0x1e35
 *(.debug_line)
 .debug_line    0x00000000       0x72 E:/1AAA/2_Verilog/cnc/qsys/software/hello_bsp//obj/HAL/src/crt0.o
 .debug_line    0x00000072       0x40 obj/default/hello_world.o
 .debug_line    0x000000b2      0x20f d:/altera/13.1/nios2eds/bin/gnu/h-i686-mingw32/bin/../lib/gcc/nios2-elf/4.7.3/../../../../../H-i686-mingw32/nios2-elf/lib\libsmallc.a(lib_a-puts.o)
 .debug_line    0x000002c1      0x171 d:/altera/13.1/nios2eds/bin/gnu/h-i686-mingw32/bin/../lib/gcc/nios2-elf/4.7.3/../../../../../H-i686-mingw32/nios2-elf/lib\libsmallc.a(lib_a-strlen.o)
 .debug_line    0x00000432      0x222 d:/altera/13.1/nios2eds/bin/gnu/h-i686-mingw32/bin/../lib/gcc/nios2-elf/4.7.3/../../../../../H-i686-mingw32/nios2-elf/lib\libsmallc.a(lib_a-fvwrite_small_dev.o)
 .debug_line    0x00000654      0x169 d:/altera/13.1/nios2eds/bin/gnu/h-i686-mingw32/bin/../lib/gcc/nios2-elf/4.7.3/../../../../../H-i686-mingw32/nios2-elf/lib\libsmallc.a(lib_a-impure.o)
 .debug_line    0x000007bd      0x209 d:/altera/13.1/nios2eds/bin/gnu/h-i686-mingw32/bin/../lib/gcc/nios2-elf/4.7.3/../../../../../H-i686-mingw32/nios2-elf/lib\libsmallc.a(lib_a-writer.o)
 .debug_line    0x000009c6       0x5d d:/altera/13.1/nios2eds/bin/gnu/h-i686-mingw32/bin/../lib/gcc/nios2-elf/4.7.3/../../../../../H-i686-mingw32/nios2-elf/lib\libsmallc.a(lib_a-int_errno.o)
 .debug_line    0x00000a23       0x92 E:/1AAA/2_Verilog/cnc/qsys/software/hello_bsp/\libhal_bsp.a(alt_load.o)
 .debug_line    0x00000ab5       0x9e E:/1AAA/2_Verilog/cnc/qsys/software/hello_bsp/\libhal_bsp.a(alt_main.o)
 .debug_line    0x00000b53      0x1f8 E:/1AAA/2_Verilog/cnc/qsys/software/hello_bsp/\libhal_bsp.a(alt_write.o)
 .debug_line    0x00000d4b      0x127 E:/1AAA/2_Verilog/cnc/qsys/software/hello_bsp/\libhal_bsp.a(alt_sys_init.o)
 .debug_line    0x00000e72      0x114 E:/1AAA/2_Verilog/cnc/qsys/software/hello_bsp/\libhal_bsp.a(altera_avalon_jtag_uart_fd.o)
 .debug_line    0x00000f86      0x101 E:/1AAA/2_Verilog/cnc/qsys/software/hello_bsp/\libhal_bsp.a(altera_avalon_jtag_uart_read.o)
 .debug_line    0x00001087       0xf8 E:/1AAA/2_Verilog/cnc/qsys/software/hello_bsp/\libhal_bsp.a(altera_avalon_jtag_uart_write.o)
 .debug_line    0x0000117f      0x186 E:/1AAA/2_Verilog/cnc/qsys/software/hello_bsp/\libhal_bsp.a(alt_close.o)
 .debug_line    0x00001305       0x61 E:/1AAA/2_Verilog/cnc/qsys/software/hello_bsp/\libhal_bsp.a(alt_dcache_flush_all.o)
 .debug_line    0x00001366      0x119 E:/1AAA/2_Verilog/cnc/qsys/software/hello_bsp/\libhal_bsp.a(alt_dev.o)
 .debug_line    0x0000147f       0xd0 E:/1AAA/2_Verilog/cnc/qsys/software/hello_bsp/\libhal_bsp.a(alt_dev_llist_insert.o)
 .debug_line    0x0000154f       0x51 E:/1AAA/2_Verilog/cnc/qsys/software/hello_bsp/\libhal_bsp.a(alt_errno.o)
 .debug_line    0x000015a0       0x71 E:/1AAA/2_Verilog/cnc/qsys/software/hello_bsp/\libhal_bsp.a(alt_exit.o)
 .debug_line    0x00001611       0x50 E:/1AAA/2_Verilog/cnc/qsys/software/hello_bsp/\libhal_bsp.a(alt_icache_flush_all.o)
 .debug_line    0x00001661      0x154 E:/1AAA/2_Verilog/cnc/qsys/software/hello_bsp/\libhal_bsp.a(alt_io_redirect.o)
 .debug_line    0x000017b5      0x125 E:/1AAA/2_Verilog/cnc/qsys/software/hello_bsp/\libhal_bsp.a(alt_open.o)
 .debug_line    0x000018da       0xae E:/1AAA/2_Verilog/cnc/qsys/software/hello_bsp/\libhal_bsp.a(alt_release_fd.o)
 .debug_line    0x00001988       0x51 E:/1AAA/2_Verilog/cnc/qsys/software/hello_bsp/\libhal_bsp.a(altera_nios2_qsys_irq.o)
 .debug_line    0x000019d9       0xb9 E:/1AAA/2_Verilog/cnc/qsys/software/hello_bsp/\libhal_bsp.a(alt_find_dev.o)
 .debug_line    0x00001a92       0xd5 E:/1AAA/2_Verilog/cnc/qsys/software/hello_bsp/\libhal_bsp.a(alt_find_file.o)
 .debug_line    0x00001b67       0xd1 E:/1AAA/2_Verilog/cnc/qsys/software/hello_bsp/\libhal_bsp.a(alt_get_fd.o)
 .debug_line    0x00001c38       0x81 E:/1AAA/2_Verilog/cnc/qsys/software/hello_bsp/\libhal_bsp.a(alt_icache_flush.o)
 .debug_line    0x00001cb9      0x17c d:/altera/13.1/nios2eds/bin/gnu/h-i686-mingw32/bin/../lib/gcc/nios2-elf/4.7.3/../../../../../H-i686-mingw32/nios2-elf/lib\libsmallc.a(lib_a-memcmp.o)

.debug_frame    0x00000000      0x5b8
 *(.debug_frame)
 .debug_frame   0x00000000       0x2c obj/default/hello_world.o
 .debug_frame   0x0000002c       0x3c d:/altera/13.1/nios2eds/bin/gnu/h-i686-mingw32/bin/../lib/gcc/nios2-elf/4.7.3/../../../../../H-i686-mingw32/nios2-elf/lib\libsmallc.a(lib_a-puts.o)
 .debug_frame   0x00000068       0x20 d:/altera/13.1/nios2eds/bin/gnu/h-i686-mingw32/bin/../lib/gcc/nios2-elf/4.7.3/../../../../../H-i686-mingw32/nios2-elf/lib\libsmallc.a(lib_a-strlen.o)
 .debug_frame   0x00000088       0x30 d:/altera/13.1/nios2eds/bin/gnu/h-i686-mingw32/bin/../lib/gcc/nios2-elf/4.7.3/../../../../../H-i686-mingw32/nios2-elf/lib\libsmallc.a(lib_a-fvwrite_small_dev.o)
 .debug_frame   0x000000b8       0x2c d:/altera/13.1/nios2eds/bin/gnu/h-i686-mingw32/bin/../lib/gcc/nios2-elf/4.7.3/../../../../../H-i686-mingw32/nios2-elf/lib\libsmallc.a(lib_a-writer.o)
 .debug_frame   0x000000e4       0x48 E:/1AAA/2_Verilog/cnc/qsys/software/hello_bsp/\libhal_bsp.a(alt_load.o)
 .debug_frame   0x0000012c       0x2c E:/1AAA/2_Verilog/cnc/qsys/software/hello_bsp/\libhal_bsp.a(alt_main.o)
 .debug_frame   0x00000158       0x48 E:/1AAA/2_Verilog/cnc/qsys/software/hello_bsp/\libhal_bsp.a(alt_write.o)
 .debug_frame   0x000001a0       0x64 E:/1AAA/2_Verilog/cnc/qsys/software/hello_bsp/\libhal_bsp.a(alt_sys_init.o)
 .debug_frame   0x00000204       0x48 E:/1AAA/2_Verilog/cnc/qsys/software/hello_bsp/\libhal_bsp.a(altera_avalon_jtag_uart_fd.o)
 .debug_frame   0x0000024c       0x2c E:/1AAA/2_Verilog/cnc/qsys/software/hello_bsp/\libhal_bsp.a(altera_avalon_jtag_uart_read.o)
 .debug_frame   0x00000278       0x2c E:/1AAA/2_Verilog/cnc/qsys/software/hello_bsp/\libhal_bsp.a(altera_avalon_jtag_uart_write.o)
 .debug_frame   0x000002a4       0x48 E:/1AAA/2_Verilog/cnc/qsys/software/hello_bsp/\libhal_bsp.a(alt_close.o)
 .debug_frame   0x000002ec       0x2c E:/1AAA/2_Verilog/cnc/qsys/software/hello_bsp/\libhal_bsp.a(alt_dcache_flush_all.o)
 .debug_frame   0x00000318       0x2c E:/1AAA/2_Verilog/cnc/qsys/software/hello_bsp/\libhal_bsp.a(alt_dev.o)
 .debug_frame   0x00000344       0x48 E:/1AAA/2_Verilog/cnc/qsys/software/hello_bsp/\libhal_bsp.a(alt_dev_llist_insert.o)
 .debug_frame   0x0000038c       0x2c E:/1AAA/2_Verilog/cnc/qsys/software/hello_bsp/\libhal_bsp.a(alt_exit.o)
 .debug_frame   0x000003b8       0x2c E:/1AAA/2_Verilog/cnc/qsys/software/hello_bsp/\libhal_bsp.a(alt_icache_flush_all.o)
 .debug_frame   0x000003e4       0x48 E:/1AAA/2_Verilog/cnc/qsys/software/hello_bsp/\libhal_bsp.a(alt_io_redirect.o)
 .debug_frame   0x0000042c       0x64 E:/1AAA/2_Verilog/cnc/qsys/software/hello_bsp/\libhal_bsp.a(alt_open.o)
 .debug_frame   0x00000490       0x2c E:/1AAA/2_Verilog/cnc/qsys/software/hello_bsp/\libhal_bsp.a(alt_release_fd.o)
 .debug_frame   0x000004bc       0x2c E:/1AAA/2_Verilog/cnc/qsys/software/hello_bsp/\libhal_bsp.a(altera_nios2_qsys_irq.o)
 .debug_frame   0x000004e8       0x2c E:/1AAA/2_Verilog/cnc/qsys/software/hello_bsp/\libhal_bsp.a(alt_find_dev.o)
 .debug_frame   0x00000514       0x2c E:/1AAA/2_Verilog/cnc/qsys/software/hello_bsp/\libhal_bsp.a(alt_find_file.o)
 .debug_frame   0x00000540       0x2c E:/1AAA/2_Verilog/cnc/qsys/software/hello_bsp/\libhal_bsp.a(alt_get_fd.o)
 .debug_frame   0x0000056c       0x2c E:/1AAA/2_Verilog/cnc/qsys/software/hello_bsp/\libhal_bsp.a(alt_icache_flush.o)
 .debug_frame   0x00000598       0x20 d:/altera/13.1/nios2eds/bin/gnu/h-i686-mingw32/bin/../lib/gcc/nios2-elf/4.7.3/../../../../../H-i686-mingw32/nios2-elf/lib\libsmallc.a(lib_a-memcmp.o)

.debug_str      0x00000000      0xf09
 *(.debug_str)
 .debug_str     0x00000000       0x9d obj/default/hello_world.o
                                 0xdb (size before relaxing)
 .debug_str     0x0000009d      0x383 d:/altera/13.1/nios2eds/bin/gnu/h-i686-mingw32/bin/../lib/gcc/nios2-elf/4.7.3/../../../../../H-i686-mingw32/nios2-elf/lib\libsmallc.a(lib_a-puts.o)
                                0x455 (size before relaxing)
 .debug_str     0x00000420       0xd0 d:/altera/13.1/nios2eds/bin/gnu/h-i686-mingw32/bin/../lib/gcc/nios2-elf/4.7.3/../../../../../H-i686-mingw32/nios2-elf/lib\libsmallc.a(lib_a-strlen.o)
                                0x182 (size before relaxing)
 .debug_str     0x000004f0       0x7f d:/altera/13.1/nios2eds/bin/gnu/h-i686-mingw32/bin/../lib/gcc/nios2-elf/4.7.3/../../../../../H-i686-mingw32/nios2-elf/lib\libsmallc.a(lib_a-fvwrite_small_dev.o)
                                0x481 (size before relaxing)
 .debug_str     0x0000056f       0xed d:/altera/13.1/nios2eds/bin/gnu/h-i686-mingw32/bin/../lib/gcc/nios2-elf/4.7.3/../../../../../H-i686-mingw32/nios2-elf/lib\libsmallc.a(lib_a-impure.o)
                                0x45b (size before relaxing)
 .debug_str     0x0000065c       0x3a d:/altera/13.1/nios2eds/bin/gnu/h-i686-mingw32/bin/../lib/gcc/nios2-elf/4.7.3/../../../../../H-i686-mingw32/nios2-elf/lib\libsmallc.a(lib_a-writer.o)
                                0x455 (size before relaxing)
 .debug_str     0x00000696       0x3d d:/altera/13.1/nios2eds/bin/gnu/h-i686-mingw32/bin/../lib/gcc/nios2-elf/4.7.3/../../../../../H-i686-mingw32/nios2-elf/lib\libsmallc.a(lib_a-int_errno.o)
                                0x175 (size before relaxing)
 .debug_str     0x000006d3      0x11f E:/1AAA/2_Verilog/cnc/qsys/software/hello_bsp/\libhal_bsp.a(alt_load.o)
                                0x1bd (size before relaxing)
 .debug_str     0x000007f2       0x70 E:/1AAA/2_Verilog/cnc/qsys/software/hello_bsp/\libhal_bsp.a(alt_main.o)
                                0x148 (size before relaxing)
 .debug_str     0x00000862      0x166 E:/1AAA/2_Verilog/cnc/qsys/software/hello_bsp/\libhal_bsp.a(alt_write.o)
                                0x2a3 (size before relaxing)
 .debug_str     0x000009c8      0x105 E:/1AAA/2_Verilog/cnc/qsys/software/hello_bsp/\libhal_bsp.a(alt_sys_init.o)
                                0x27f (size before relaxing)
 .debug_str     0x00000acd       0x77 E:/1AAA/2_Verilog/cnc/qsys/software/hello_bsp/\libhal_bsp.a(altera_avalon_jtag_uart_fd.o)
                                0x280 (size before relaxing)
 .debug_str     0x00000b44       0x48 E:/1AAA/2_Verilog/cnc/qsys/software/hello_bsp/\libhal_bsp.a(altera_avalon_jtag_uart_read.o)
                                0x1ca (size before relaxing)
 .debug_str     0x00000b8c       0x4a E:/1AAA/2_Verilog/cnc/qsys/software/hello_bsp/\libhal_bsp.a(altera_avalon_jtag_uart_write.o)
                                0x1c0 (size before relaxing)
 .debug_str     0x00000bd6       0x1b E:/1AAA/2_Verilog/cnc/qsys/software/hello_bsp/\libhal_bsp.a(alt_close.o)
                                0x1b6 (size before relaxing)
 .debug_str     0x00000bf1       0x34 E:/1AAA/2_Verilog/cnc/qsys/software/hello_bsp/\libhal_bsp.a(alt_dcache_flush_all.o)
                                0x100 (size before relaxing)
 .debug_str     0x00000c25       0x50 E:/1AAA/2_Verilog/cnc/qsys/software/hello_bsp/\libhal_bsp.a(alt_dev.o)
                                0x2b0 (size before relaxing)
 .debug_str     0x00000c75       0x4b E:/1AAA/2_Verilog/cnc/qsys/software/hello_bsp/\libhal_bsp.a(alt_dev_llist_insert.o)
                                0x177 (size before relaxing)
 .debug_str     0x00000cc0       0x14 E:/1AAA/2_Verilog/cnc/qsys/software/hello_bsp/\libhal_bsp.a(alt_errno.o)
                                 0xf0 (size before relaxing)
 .debug_str     0x00000cd4       0x2a E:/1AAA/2_Verilog/cnc/qsys/software/hello_bsp/\libhal_bsp.a(alt_exit.o)
                                 0xfc (size before relaxing)
 .debug_str     0x00000cfe       0x34 E:/1AAA/2_Verilog/cnc/qsys/software/hello_bsp/\libhal_bsp.a(alt_icache_flush_all.o)
                                0x100 (size before relaxing)
 .debug_str     0x00000d32       0x56 E:/1AAA/2_Verilog/cnc/qsys/software/hello_bsp/\libhal_bsp.a(alt_io_redirect.o)
                                0x2c1 (size before relaxing)
 .debug_str     0x00000d88       0x36 E:/1AAA/2_Verilog/cnc/qsys/software/hello_bsp/\libhal_bsp.a(alt_open.o)
                                0x1f6 (size before relaxing)
 .debug_str     0x00000dbe       0x28 E:/1AAA/2_Verilog/cnc/qsys/software/hello_bsp/\libhal_bsp.a(alt_release_fd.o)
                                0x18a (size before relaxing)
 .debug_str     0x00000de6       0x3b E:/1AAA/2_Verilog/cnc/qsys/software/hello_bsp/\libhal_bsp.a(altera_nios2_qsys_irq.o)
                                0x107 (size before relaxing)
 .debug_str     0x00000e21       0x24 E:/1AAA/2_Verilog/cnc/qsys/software/hello_bsp/\libhal_bsp.a(alt_find_dev.o)
                                0x197 (size before relaxing)
 .debug_str     0x00000e45       0x26 E:/1AAA/2_Verilog/cnc/qsys/software/hello_bsp/\libhal_bsp.a(alt_find_file.o)
                                0x1a5 (size before relaxing)
 .debug_str     0x00000e6b       0x30 E:/1AAA/2_Verilog/cnc/qsys/software/hello_bsp/\libhal_bsp.a(alt_get_fd.o)
                                0x1c7 (size before relaxing)
 .debug_str     0x00000e9b       0x2c E:/1AAA/2_Verilog/cnc/qsys/software/hello_bsp/\libhal_bsp.a(alt_icache_flush.o)
                                0x106 (size before relaxing)
 .debug_str     0x00000ec7       0x42 d:/altera/13.1/nios2eds/bin/gnu/h-i686-mingw32/bin/../lib/gcc/nios2-elf/4.7.3/../../../../../H-i686-mingw32/nios2-elf/lib\libsmallc.a(lib_a-memcmp.o)
                                0x17c (size before relaxing)

.debug_loc      0x00000000      0x94b
 *(.debug_loc)
 .debug_loc     0x00000000       0x2c obj/default/hello_world.o
 .debug_loc     0x0000002c       0xb7 d:/altera/13.1/nios2eds/bin/gnu/h-i686-mingw32/bin/../lib/gcc/nios2-elf/4.7.3/../../../../../H-i686-mingw32/nios2-elf/lib\libsmallc.a(lib_a-puts.o)
 .debug_loc     0x000000e3       0x29 d:/altera/13.1/nios2eds/bin/gnu/h-i686-mingw32/bin/../lib/gcc/nios2-elf/4.7.3/../../../../../H-i686-mingw32/nios2-elf/lib\libsmallc.a(lib_a-strlen.o)
 .debug_loc     0x0000010c      0x19e d:/altera/13.1/nios2eds/bin/gnu/h-i686-mingw32/bin/../lib/gcc/nios2-elf/4.7.3/../../../../../H-i686-mingw32/nios2-elf/lib\libsmallc.a(lib_a-fvwrite_small_dev.o)
 .debug_loc     0x000002aa       0xde d:/altera/13.1/nios2eds/bin/gnu/h-i686-mingw32/bin/../lib/gcc/nios2-elf/4.7.3/../../../../../H-i686-mingw32/nios2-elf/lib\libsmallc.a(lib_a-writer.o)
 .debug_loc     0x00000388       0x58 E:/1AAA/2_Verilog/cnc/qsys/software/hello_bsp/\libhal_bsp.a(alt_load.o)
 .debug_loc     0x000003e0       0x2c E:/1AAA/2_Verilog/cnc/qsys/software/hello_bsp/\libhal_bsp.a(alt_main.o)
 .debug_loc     0x0000040c       0x58 E:/1AAA/2_Verilog/cnc/qsys/software/hello_bsp/\libhal_bsp.a(alt_write.o)
 .debug_loc     0x00000464       0x84 E:/1AAA/2_Verilog/cnc/qsys/software/hello_bsp/\libhal_bsp.a(alt_sys_init.o)
 .debug_loc     0x000004e8       0x58 E:/1AAA/2_Verilog/cnc/qsys/software/hello_bsp/\libhal_bsp.a(altera_avalon_jtag_uart_fd.o)
 .debug_loc     0x00000540       0x2c E:/1AAA/2_Verilog/cnc/qsys/software/hello_bsp/\libhal_bsp.a(altera_avalon_jtag_uart_read.o)
 .debug_loc     0x0000056c       0x2c E:/1AAA/2_Verilog/cnc/qsys/software/hello_bsp/\libhal_bsp.a(altera_avalon_jtag_uart_write.o)
 .debug_loc     0x00000598       0x58 E:/1AAA/2_Verilog/cnc/qsys/software/hello_bsp/\libhal_bsp.a(alt_close.o)
 .debug_loc     0x000005f0       0x2c E:/1AAA/2_Verilog/cnc/qsys/software/hello_bsp/\libhal_bsp.a(alt_dcache_flush_all.o)
 .debug_loc     0x0000061c       0x2c E:/1AAA/2_Verilog/cnc/qsys/software/hello_bsp/\libhal_bsp.a(alt_dev.o)
 .debug_loc     0x00000648       0x58 E:/1AAA/2_Verilog/cnc/qsys/software/hello_bsp/\libhal_bsp.a(alt_dev_llist_insert.o)
 .debug_loc     0x000006a0       0x2c E:/1AAA/2_Verilog/cnc/qsys/software/hello_bsp/\libhal_bsp.a(alt_exit.o)
 .debug_loc     0x000006cc       0x2c E:/1AAA/2_Verilog/cnc/qsys/software/hello_bsp/\libhal_bsp.a(alt_icache_flush_all.o)
 .debug_loc     0x000006f8       0x58 E:/1AAA/2_Verilog/cnc/qsys/software/hello_bsp/\libhal_bsp.a(alt_io_redirect.o)
 .debug_loc     0x00000750       0x84 E:/1AAA/2_Verilog/cnc/qsys/software/hello_bsp/\libhal_bsp.a(alt_open.o)
 .debug_loc     0x000007d4       0x2c E:/1AAA/2_Verilog/cnc/qsys/software/hello_bsp/\libhal_bsp.a(alt_release_fd.o)
 .debug_loc     0x00000800       0x2c E:/1AAA/2_Verilog/cnc/qsys/software/hello_bsp/\libhal_bsp.a(altera_nios2_qsys_irq.o)
 .debug_loc     0x0000082c       0x2c E:/1AAA/2_Verilog/cnc/qsys/software/hello_bsp/\libhal_bsp.a(alt_find_dev.o)
 .debug_loc     0x00000858       0x2c E:/1AAA/2_Verilog/cnc/qsys/software/hello_bsp/\libhal_bsp.a(alt_find_file.o)
 .debug_loc     0x00000884       0x2c E:/1AAA/2_Verilog/cnc/qsys/software/hello_bsp/\libhal_bsp.a(alt_get_fd.o)
 .debug_loc     0x000008b0       0x2c E:/1AAA/2_Verilog/cnc/qsys/software/hello_bsp/\libhal_bsp.a(alt_icache_flush.o)
 .debug_loc     0x000008dc       0x6f d:/altera/13.1/nios2eds/bin/gnu/h-i686-mingw32/bin/../lib/gcc/nios2-elf/4.7.3/../../../../../H-i686-mingw32/nios2-elf/lib\libsmallc.a(lib_a-memcmp.o)

.debug_macinfo
 *(.debug_macinfo)

.debug_weaknames
 *(.debug_weaknames)

.debug_funcnames
 *(.debug_funcnames)

.debug_typenames
 *(.debug_typenames)

.debug_varnames
 *(.debug_varnames)

.debug_alt_sim_info
                0x00000000       0x30
 *(.debug_alt_sim_info)
 .debug_alt_sim_info
                0x00000000       0x30 E:/1AAA/2_Verilog/cnc/qsys/software/hello_bsp//obj/HAL/src/crt0.o
                0x00006800                __alt_data_end = 0x6800
                0x00006800                PROVIDE (__alt_stack_pointer, __alt_data_end)
                0x00005860                PROVIDE (__alt_stack_limit, __alt_stack_base)
                0x00005860                PROVIDE (__alt_heap_start, end)
                0x00006800                PROVIDE (__alt_heap_limit, 0x6800)
OUTPUT(hello.elf elf32-littlenios2)

.debug_ranges   0x00000000       0x50
 .debug_ranges  0x00000000       0x20 E:/1AAA/2_Verilog/cnc/qsys/software/hello_bsp//obj/HAL/src/crt0.o
 .debug_ranges  0x00000020       0x18 d:/altera/13.1/nios2eds/bin/gnu/h-i686-mingw32/bin/../lib/gcc/nios2-elf/4.7.3/../../../../../H-i686-mingw32/nios2-elf/lib\libsmallc.a(lib_a-fvwrite_small_dev.o)
 .debug_ranges  0x00000038       0x18 E:/1AAA/2_Verilog/cnc/qsys/software/hello_bsp/\libhal_bsp.a(altera_avalon_jtag_uart_read.o)
